// Jest Snapshot v1, https://goo.gl/fbAQLP

exports[`Render Button Component render correctly button component 1`] = `
<button
  aria-label=""
  className="sc-bdvvaa fPfsNP"
  disabled={false}
  fontSize="small"
  fontWeight="normal"
  id="button-id"
  name="button-name"
  onClick={[Function]}
>
  
</button>
`;
